 gcc -g p1original.c
 ./a.out
enter value
1
enter value
2
 
 gdb a.out
GNU gdb (Ubuntu 8.1.1-0ubuntu1) 8.1.1
Copyright (C) 2018 Free Software Foundation, Inc.
License GPLv3+: GNU GPL version 3 or later <http://gnu.org/licenses/gpl.html>
This is free software: you are free to change and redistribute it.
There is NO WARRANTY, to the extent permitted by law.  Type "show copying"
and "show warranty" for details.
This GDB was configured as "x86_64-linux-gnu".
Type "show configuration" for configuration details.
For bug reporting instructions, please see:
<http://www.gnu.org/software/gdb/bugs/>.
Find the GDB manual and other documentation resources online at:
<http://www.gnu.org/software/gdb/documentation/>.
For help, type "help".
Type "apropos word" to search for commands related to "word"...
Reading symbols from a.out...done.
(gdb) b main
Breakpoint 1 at 0x7cf: file p1original.c, line 19.
(gdb) r
Starting program: /home/runner/pps-IA1-practice/a.out 
warning: Error disabling address space randomization: Operation not permitted

Breakpoint 1, main () at p1original.c:19
19  {
(gdb) n
21    a=input();
(gdb) n
enter value
1
22    b=input();
(gdb) n
enter value
2
23    result=add(a,b,&sum);
(gdb) n
24    output(a,b,result);
(gdb) c
Continuing.
sum of 2 numbers is 1+2=3[Inferior 1 (process 139) exited normally]
(gdb) 